createtsv ../../databases/vfdb SAOMS1_Output/VFDB_target_dir/target_seqs SAOMS1_Output/VFDB/results_mmseqs SAOMS1_Output/vfdb_results.tsv --full-header --threads 8 

MMseqs Version:                 	13.45111
First sequence as representative	false
Target column                   	1
Add full header                 	true
Sequence source                 	0
Database output                 	false
Threads                         	8
Compressed                      	0
Verbosity                       	3

Time for merging to vfdb_results.tsv: 0h 0m 0s 12ms
Time for processing: 0h 0m 0s 35ms
